// Jest Snapshot v1, https://goo.gl/fbAQLP

exports[`Should render LoginPage componenet correctly 1`] = `
<div
  className="box-layout"
>
  <div
    className="box-layout__box"
  >
    <h1
      className="box-layout__title"
    >
      Expensify
    </h1>
    <p>
      An expenses application that showcases React.js with Redux, Node.js, and Express.js.
    </p>
    <button
      className="box-layout__button button"
      onClick={[MockFunction]}
    >
      Login with Google
    </button>
  </div>
</div>
`;
